// Jest Snapshot v1, https://goo.gl/fbAQLP

exports[`renders ./components/grid/demo/basic.md correctly 1`] = `
<div>
  <div
    class="sub-title"
  >
    基本使用
  </div>
  <div
    class="am-grid am-grid-line"
  >
    <div
      class="am-flexbox am-flexbox-justify-center am-flexbox-align-stretch"
    >
      <div
        class="am-flexbox-item am-grid-item"
        style="width:25%;"
      >
        <div
          class="am-grid-item-content"
        >
          <div
            class="am-grid-item-inner-content column-num-4"
          >
            <img
              class="am-grid-icon"
              src="https://os.alipayobjects.com/rmsportal/IptWdCkrtkAUfjE.png"
            />
            <div
              class="am-grid-text"
            >
              名字0
            </div>
          </div>
        </div>
        <div
          class="am-grid-item-inner"
        />
      </div>
      <div
        class="am-flexbox-item am-grid-item"
        style="width:25%;"
      >
        <div
          class="am-grid-item-content"
        >
          <div
            class="am-grid-item-inner-content column-num-4"
          >
            <img
              class="am-grid-icon"
              src="https://os.alipayobjects.com/rmsportal/IptWdCkrtkAUfjE.png"
            />
            <div
              class="am-grid-text"
            >
              名字1
            </div>
          </div>
        </div>
        <div
          class="am-grid-item-inner"
        />
      </div>
      <div
        class="am-flexbox-item am-grid-item"
        style="width:25%;"
      >
        <div
          class="am-grid-item-content"
        >
          <div
            class="am-grid-item-inner-content column-num-4"
          >
            <img
              class="am-grid-icon"
              src="https://os.alipayobjects.com/rmsportal/IptWdCkrtkAUfjE.png"
            />
            <div
              class="am-grid-text"
            >
              名字2
            </div>
          </div>
        </div>
        <div
          class="am-grid-item-inner"
        />
      </div>
      <div
        class="am-flexbox-item am-grid-item"
        style="width:25%;"
      >
        <div
          class="am-grid-item-content"
        >
          <div
            class="am-grid-item-inner-content column-num-4"
          >
            <img
              class="am-grid-icon"
              src="https://os.alipayobjects.com/rmsportal/IptWdCkrtkAUfjE.png"
            />
            <div
              class="am-grid-text"
            >
              名字3
            </div>
          </div>
        </div>
        <div
          class="am-grid-item-inner"
        />
      </div>
    </div>
    <div
      class="am-flexbox am-flexbox-justify-center am-flexbox-align-stretch"
    >
      <div
        class="am-flexbox-item am-grid-item"
        style="width:25%;"
      >
        <div
          class="am-grid-item-content"
        >
          <div
            class="am-grid-item-inner-content column-num-4"
          >
            <img
              class="am-grid-icon"
              src="https://os.alipayobjects.com/rmsportal/IptWdCkrtkAUfjE.png"
            />
            <div
              class="am-grid-text"
            >
              名字4
            </div>
          </div>
        </div>
        <div
          class="am-grid-item-inner"
        />
      </div>
      <div
        class="am-flexbox-item am-grid-item"
        style="width:25%;"
      >
        <div
          class="am-grid-item-content"
        >
          <div
            class="am-grid-item-inner-content column-num-4"
          >
            <img
              class="am-grid-icon"
              src="https://os.alipayobjects.com/rmsportal/IptWdCkrtkAUfjE.png"
            />
            <div
              class="am-grid-text"
            >
              名字5
            </div>
          </div>
        </div>
        <div
          class="am-grid-item-inner"
        />
      </div>
      <div
        class="am-flexbox-item am-grid-item"
        style="width:25%;"
      >
        <div
          class="am-grid-item-content"
        >
          <div
            class="am-grid-item-inner-content column-num-4"
          >
            <img
              class="am-grid-icon"
              src="https://os.alipayobjects.com/rmsportal/IptWdCkrtkAUfjE.png"
            />
            <div
              class="am-grid-text"
            >
              名字6
            </div>
          </div>
        </div>
        <div
          class="am-grid-item-inner"
        />
      </div>
      <div
        class="am-flexbox-item am-grid-item"
        style="width:25%;"
      >
        <div
          class="am-grid-item-content"
        >
          <div
            class="am-grid-item-inner-content column-num-4"
          >
            <img
              class="am-grid-icon"
              src="https://os.alipayobjects.com/rmsportal/IptWdCkrtkAUfjE.png"
            />
            <div
              class="am-grid-text"
            >
              名字7
            </div>
          </div>
        </div>
        <div
          class="am-grid-item-inner"
        />
      </div>
    </div>
    <div
      class="am-flexbox am-flexbox-justify-center am-flexbox-align-stretch"
    >
      <div
        class="am-flexbox-item am-grid-item"
        style="width:25%;"
      >
        <div
          class="am-grid-item-content"
        >
          <div
            class="am-grid-item-inner-content column-num-4"
          >
            <img
              class="am-grid-icon"
              src="https://os.alipayobjects.com/rmsportal/IptWdCkrtkAUfjE.png"
            />
            <div
              class="am-grid-text"
            >
              名字8
            </div>
          </div>
        </div>
        <div
          class="am-grid-item-inner"
        />
      </div>
      <div
        class="am-flexbox-item"
        style="width:25%;"
      />
      <div
        class="am-flexbox-item"
        style="width:25%;"
      />
      <div
        class="am-flexbox-item"
        style="width:25%;"
      />
    </div>
  </div>
  <div
    class="sub-title"
  >
    无边线
  </div>
  <div
    class="am-grid"
  >
    <div
      class="am-flexbox am-flexbox-justify-center am-flexbox-align-stretch"
    >
      <div
        class="am-flexbox-item am-grid-item"
        style="width:33.333333333333336%;"
      >
        <div
          class="am-grid-item-content"
        >
          <div
            class="am-grid-item-inner-content column-num-3"
          >
            <img
              class="am-grid-icon"
              src="https://os.alipayobjects.com/rmsportal/IptWdCkrtkAUfjE.png"
            />
            <div
              class="am-grid-text"
            >
              名字0
            </div>
          </div>
        </div>
        <div
          class="am-grid-item-inner"
        />
      </div>
      <div
        class="am-flexbox-item am-grid-item"
        style="width:33.333333333333336%;"
      >
        <div
          class="am-grid-item-content"
        >
          <div
            class="am-grid-item-inner-content column-num-3"
          >
            <img
              class="am-grid-icon"
              src="https://os.alipayobjects.com/rmsportal/IptWdCkrtkAUfjE.png"
            />
            <div
              class="am-grid-text"
            >
              名字1
            </div>
          </div>
        </div>
        <div
          class="am-grid-item-inner"
        />
      </div>
      <div
        class="am-flexbox-item am-grid-item"
        style="width:33.333333333333336%;"
      >
        <div
          class="am-grid-item-content"
        >
          <div
            class="am-grid-item-inner-content column-num-3"
          >
            <img
              class="am-grid-icon"
              src="https://os.alipayobjects.com/rmsportal/IptWdCkrtkAUfjE.png"
            />
            <div
              class="am-grid-text"
            >
              名字2
            </div>
          </div>
        </div>
        <div
          class="am-grid-item-inner"
        />
      </div>
    </div>
    <div
      class="am-flexbox am-flexbox-justify-center am-flexbox-align-stretch"
    >
      <div
        class="am-flexbox-item am-grid-item"
        style="width:33.333333333333336%;"
      >
        <div
          class="am-grid-item-content"
        >
          <div
            class="am-grid-item-inner-content column-num-3"
          >
            <img
              class="am-grid-icon"
              src="https://os.alipayobjects.com/rmsportal/IptWdCkrtkAUfjE.png"
            />
            <div
              class="am-grid-text"
            >
              名字3
            </div>
          </div>
        </div>
        <div
          class="am-grid-item-inner"
        />
      </div>
      <div
        class="am-flexbox-item am-grid-item"
        style="width:33.333333333333336%;"
      >
        <div
          class="am-grid-item-content"
        >
          <div
            class="am-grid-item-inner-content column-num-3"
          >
            <img
              class="am-grid-icon"
              src="https://os.alipayobjects.com/rmsportal/IptWdCkrtkAUfjE.png"
            />
            <div
              class="am-grid-text"
            >
              名字4
            </div>
          </div>
        </div>
        <div
          class="am-grid-item-inner"
        />
      </div>
      <div
        class="am-flexbox-item am-grid-item"
        style="width:33.333333333333336%;"
      >
        <div
          class="am-grid-item-content"
        >
          <div
            class="am-grid-item-inner-content column-num-3"
          >
            <img
              class="am-grid-icon"
              src="https://os.alipayobjects.com/rmsportal/IptWdCkrtkAUfjE.png"
            />
            <div
              class="am-grid-text"
            >
              名字5
            </div>
          </div>
        </div>
        <div
          class="am-grid-item-inner"
        />
      </div>
    </div>
    <div
      class="am-flexbox am-flexbox-justify-center am-flexbox-align-stretch"
    >
      <div
        class="am-flexbox-item am-grid-item"
        style="width:33.333333333333336%;"
      >
        <div
          class="am-grid-item-content"
        >
          <div
            class="am-grid-item-inner-content column-num-3"
          >
            <img
              class="am-grid-icon"
              src="https://os.alipayobjects.com/rmsportal/IptWdCkrtkAUfjE.png"
            />
            <div
              class="am-grid-text"
            >
              名字6
            </div>
          </div>
        </div>
        <div
          class="am-grid-item-inner"
        />
      </div>
      <div
        class="am-flexbox-item am-grid-item"
        style="width:33.333333333333336%;"
      >
        <div
          class="am-grid-item-content"
        >
          <div
            class="am-grid-item-inner-content column-num-3"
          >
            <img
              class="am-grid-icon"
              src="https://os.alipayobjects.com/rmsportal/IptWdCkrtkAUfjE.png"
            />
            <div
              class="am-grid-text"
            >
              名字7
            </div>
          </div>
        </div>
        <div
          class="am-grid-item-inner"
        />
      </div>
      <div
        class="am-flexbox-item am-grid-item"
        style="width:33.333333333333336%;"
      >
        <div
          class="am-grid-item-content"
        >
          <div
            class="am-grid-item-inner-content column-num-3"
          >
            <img
              class="am-grid-icon"
              src="https://os.alipayobjects.com/rmsportal/IptWdCkrtkAUfjE.png"
            />
            <div
              class="am-grid-text"
            >
              名字8
            </div>
          </div>
        </div>
        <div
          class="am-grid-item-inner"
        />
      </div>
    </div>
  </div>
  <div
    class="sub-title"
  >
    走马灯
  </div>
  <div
    class="am-grid am-grid-line"
  >
    <div
      class="slider am-carousel"
      style="position:relative;display:block;width:100%;height:auto;box-sizing:border-box;-moz-box-sizing:border-box;visibility:hidden;"
    >
      <div
        class="slider-frame"
        style="position:relative;display:block;overflow:hidden;height:auto;margin:0px;padding:0;transform:translate3d(0, 0, 0);-webkit-transform:translate3d(0, 0, 0);-ms-transform:translate(0, 0);box-sizing:border-box;-moz-box-sizing:border-box;"
      >
        <ul
          class="slider-list"
          style="transform:translate3d(0px, 0px, 0);-webkit-transform:translate3d(0px, 0px, 0);-ms-transform:translate(0px, 0px);position:relative;display:block;margin:0px 0px;padding:0;height:0;width:0;cursor:inherit;box-sizing:border-box;-moz-box-sizing:border-box;"
        >
          <li
            class="slider-slide"
            style="position:absolute;left:0;top:0;display:inline-block;list-style-type:none;vertical-align:top;width:0;height:auto;box-sizing:border-box;-moz-box-sizing:border-box;margin-left:0;margin-right:0;margin-top:auto;margin-bottom:auto;"
          >
            <div
              class="am-grid-carousel-page"
            >
              <div
                class="am-flexbox am-flexbox-justify-center am-flexbox-align-stretch"
              >
                <div
                  class="am-flexbox-item am-grid-item"
                  style="width:33.333333333333336%;"
                >
                  <div
                    class="am-grid-item-content"
                  >
                    <div
                      class="am-grid-item-inner-content column-num-3"
                    >
                      <img
                        class="am-grid-icon"
                        src="https://os.alipayobjects.com/rmsportal/IptWdCkrtkAUfjE.png"
                      />
                      <div
                        class="am-grid-text"
                      >
                        名字0
                      </div>
                    </div>
                  </div>
                  <div
                    class="am-grid-item-inner"
                  />
                </div>
                <div
                  class="am-flexbox-item am-grid-item"
                  style="width:33.333333333333336%;"
                >
                  <div
                    class="am-grid-item-content"
                  >
                    <div
                      class="am-grid-item-inner-content column-num-3"
                    >
                      <img
                        class="am-grid-icon"
                        src="https://os.alipayobjects.com/rmsportal/IptWdCkrtkAUfjE.png"
                      />
                      <div
                        class="am-grid-text"
                      >
                        名字1
                      </div>
                    </div>
                  </div>
                  <div
                    class="am-grid-item-inner"
                  />
                </div>
                <div
                  class="am-flexbox-item am-grid-item"
                  style="width:33.333333333333336%;"
                >
                  <div
                    class="am-grid-item-content"
                  >
                    <div
                      class="am-grid-item-inner-content column-num-3"
                    >
                      <img
                        class="am-grid-icon"
                        src="https://os.alipayobjects.com/rmsportal/IptWdCkrtkAUfjE.png"
                      />
                      <div
                        class="am-grid-text"
                      >
                        名字2
                      </div>
                    </div>
                  </div>
                  <div
                    class="am-grid-item-inner"
                  />
                </div>
              </div>
              <div
                class="am-flexbox am-flexbox-justify-center am-flexbox-align-stretch"
              >
                <div
                  class="am-flexbox-item am-grid-item"
                  style="width:33.333333333333336%;"
                >
                  <div
                    class="am-grid-item-content"
                  >
                    <div
                      class="am-grid-item-inner-content column-num-3"
                    >
                      <img
                        class="am-grid-icon"
                        src="https://os.alipayobjects.com/rmsportal/IptWdCkrtkAUfjE.png"
                      />
                      <div
                        class="am-grid-text"
                      >
                        名字3
                      </div>
                    </div>
                  </div>
                  <div
                    class="am-grid-item-inner"
                  />
                </div>
                <div
                  class="am-flexbox-item am-grid-item"
                  style="width:33.333333333333336%;"
                >
                  <div
                    class="am-grid-item-content"
                  >
                    <div
                      class="am-grid-item-inner-content column-num-3"
                    >
                      <img
                        class="am-grid-icon"
                        src="https://os.alipayobjects.com/rmsportal/IptWdCkrtkAUfjE.png"
                      />
                      <div
                        class="am-grid-text"
                      >
                        名字4
                      </div>
                    </div>
                  </div>
                  <div
                    class="am-grid-item-inner"
                  />
                </div>
                <div
                  class="am-flexbox-item am-grid-item"
                  style="width:33.333333333333336%;"
                >
                  <div
                    class="am-grid-item-content"
                  >
                    <div
                      class="am-grid-item-inner-content column-num-3"
                    >
                      <img
                        class="am-grid-icon"
                        src="https://os.alipayobjects.com/rmsportal/IptWdCkrtkAUfjE.png"
                      />
                      <div
                        class="am-grid-text"
                      >
                        名字5
                      </div>
                    </div>
                  </div>
                  <div
                    class="am-grid-item-inner"
                  />
                </div>
              </div>
            </div>
          </li>
          <li
            class="slider-slide"
            style="position:absolute;left:0;top:0;display:inline-block;list-style-type:none;vertical-align:top;width:0;height:auto;box-sizing:border-box;-moz-box-sizing:border-box;margin-left:0;margin-right:0;margin-top:auto;margin-bottom:auto;"
          >
            <div
              class="am-grid-carousel-page"
            >
              <div
                class="am-flexbox am-flexbox-justify-center am-flexbox-align-stretch"
              >
                <div
                  class="am-flexbox-item am-grid-item"
                  style="width:33.333333333333336%;"
                >
                  <div
                    class="am-grid-item-content"
                  >
                    <div
                      class="am-grid-item-inner-content column-num-3"
                    >
                      <img
                        class="am-grid-icon"
                        src="https://os.alipayobjects.com/rmsportal/IptWdCkrtkAUfjE.png"
                      />
                      <div
                        class="am-grid-text"
                      >
                        名字6
                      </div>
                    </div>
                  </div>
                  <div
                    class="am-grid-item-inner"
                  />
                </div>
                <div
                  class="am-flexbox-item am-grid-item"
                  style="width:33.333333333333336%;"
                >
                  <div
                    class="am-grid-item-content"
                  >
                    <div
                      class="am-grid-item-inner-content column-num-3"
                    >
                      <img
                        class="am-grid-icon"
                        src="https://os.alipayobjects.com/rmsportal/IptWdCkrtkAUfjE.png"
                      />
                      <div
                        class="am-grid-text"
                      >
                        名字7
                      </div>
                    </div>
                  </div>
                  <div
                    class="am-grid-item-inner"
                  />
                </div>
                <div
                  class="am-flexbox-item am-grid-item"
                  style="width:33.333333333333336%;"
                >
                  <div
                    class="am-grid-item-content"
                  >
                    <div
                      class="am-grid-item-inner-content column-num-3"
                    >
                      <img
                        class="am-grid-icon"
                        src="https://os.alipayobjects.com/rmsportal/IptWdCkrtkAUfjE.png"
                      />
                      <div
                        class="am-grid-text"
                      >
                        名字8
                      </div>
                    </div>
                  </div>
                  <div
                    class="am-grid-item-inner"
                  />
                </div>
              </div>
              <div />
            </div>
          </li>
        </ul>
      </div>
      <div
        class="slider-decorator-0"
        style="position:absolute;bottom:0;left:50%;transform:translateX(-50%);-webkit-transform:translateX(-50%);-ms-transform:translateX(-50%);"
      >
        <div
          class="am-carousel-wrap"
        >
          <div
            class="am-carousel-wrap-dot am-carousel-wrap-dot-active"
          >
            <span />
          </div>
          <div
            class="am-carousel-wrap-dot"
          >
            <span />
          </div>
        </div>
      </div>
    </div>
  </div>
  <div
    class="sub-title"
  >
    自定义格子内容
  </div>
  <div
    class="am-grid"
  >
    <div
      class="am-flexbox am-flexbox-justify-center am-flexbox-align-stretch"
    >
      <div
        class="am-flexbox-item am-grid-item"
        style="width:33.333333333333336%;"
      >
        <div
          style="margin:0.16rem;background:#f7f7f7;text-align:center;"
        >
          <div
            style="background:rgba(0, 0, 0, 0.1);padding:0.08rem;"
          >
            <span>
              1.名字0
            </span>
          </div>
          <img
            src="https://zos.alipayobjects.com/rmsportal/wIjMDnsrDoPPcIV.png"
            style="width:80%;margin:0.12rem;"
          />
        </div>
      </div>
      <div
        class="am-flexbox-item am-grid-item"
        style="width:33.333333333333336%;"
      >
        <div
          style="margin:0.16rem;background:#f7f7f7;text-align:center;"
        >
          <div
            style="background:rgba(0, 0, 0, 0.1);padding:0.08rem;"
          >
            <span>
              2.名字1
            </span>
          </div>
          <img
            src="https://zos.alipayobjects.com/rmsportal/wIjMDnsrDoPPcIV.png"
            style="width:80%;margin:0.12rem;"
          />
        </div>
      </div>
      <div
        class="am-flexbox-item am-grid-item"
        style="width:33.333333333333336%;"
      >
        <div
          style="margin:0.16rem;background:#f7f7f7;text-align:center;"
        >
          <div
            style="background:rgba(0, 0, 0, 0.1);padding:0.08rem;"
          >
            <span>
              3.名字2
            </span>
          </div>
          <img
            src="https://zos.alipayobjects.com/rmsportal/wIjMDnsrDoPPcIV.png"
            style="width:80%;margin:0.12rem;"
          />
        </div>
      </div>
    </div>
    <div
      class="am-flexbox am-flexbox-justify-center am-flexbox-align-stretch"
    >
      <div
        class="am-flexbox-item am-grid-item"
        style="width:33.333333333333336%;"
      >
        <div
          style="margin:0.16rem;background:#f7f7f7;text-align:center;"
        >
          <div
            style="background:rgba(0, 0, 0, 0.1);padding:0.08rem;"
          >
            <span>
              4.名字3
            </span>
          </div>
          <img
            src="https://zos.alipayobjects.com/rmsportal/wIjMDnsrDoPPcIV.png"
            style="width:80%;margin:0.12rem;"
          />
        </div>
      </div>
      <div
        class="am-flexbox-item am-grid-item"
        style="width:33.333333333333336%;"
      >
        <div
          style="margin:0.16rem;background:#f7f7f7;text-align:center;"
        >
          <div
            style="background:rgba(0, 0, 0, 0.1);padding:0.08rem;"
          >
            <span>
              5.名字4
            </span>
          </div>
          <img
            src="https://zos.alipayobjects.com/rmsportal/wIjMDnsrDoPPcIV.png"
            style="width:80%;margin:0.12rem;"
          />
        </div>
      </div>
      <div
        class="am-flexbox-item"
        style="width:33.333333333333336%;"
      />
    </div>
  </div>
</div>
`;
